[Sat 04 Oct 2025 05:55:35 PM +07] Node: dgx02
SLURM_JOB_ID=17611  CUDA_VISIBLE_DEVICES=0
Sat Oct  4 17:55:35 2025       
+-----------------------------------------------------------------------------+
| NVIDIA-SMI 470.141.03   Driver Version: 470.141.03   CUDA Version: 11.4     |
|-------------------------------+----------------------+----------------------+
| GPU  Name        Persistence-M| Bus-Id        Disp.A | Volatile Uncorr. ECC |
| Fan  Temp  Perf  Pwr:Usage/Cap|         Memory-Usage | GPU-Util  Compute M. |
|                               |                      |               MIG M. |
|===============================+======================+======================|
|   0  NVIDIA A100-SXM...  On   | 00000000:47:00.0 Off |                    0 |
| N/A   35C    P0    60W / 400W |      0MiB / 81251MiB |      0%      Default |
|                               |                      |             Disabled |
+-------------------------------+----------------------+----------------------+
                                                                               
+-----------------------------------------------------------------------------+
| Processes:                                                                  |
|  GPU   GI   CI        PID   Type   Process name                  GPU Memory |
|        ID   ID                                                   Usage      |
|=============================================================================|
|  No running processes found                                                 |
+-----------------------------------------------------------------------------+
ERROR: Unable to locate a modulefile for 'cuda'
[Sat 04 Oct 2025 05:55:35 PM +07] Compiling infer.cu with nvcc...
[Sat 04 Oct 2025 05:55:36 PM +07] Running infer...
