[Sun 28 Sep 2025 12:04:51 AM +07] Node: dgx01
SLURM_JOB_ID=17342  CUDA_VISIBLE_DEVICES=0
Sun Sep 28 00:04:51 2025       
+-----------------------------------------------------------------------------+
| NVIDIA-SMI 470.141.03   Driver Version: 470.141.03   CUDA Version: 11.4     |
|-------------------------------+----------------------+----------------------+
| GPU  Name        Persistence-M| Bus-Id        Disp.A | Volatile Uncorr. ECC |
| Fan  Temp  Perf  Pwr:Usage/Cap|         Memory-Usage | GPU-Util  Compute M. |
|                               |                      |               MIG M. |
|===============================+======================+======================|
|   0  NVIDIA A100-SXM...  On   | 00000000:07:00.0 Off |                    0 |
| N/A   31C    P0    65W / 400W |      0MiB / 81251MiB |      0%      Default |
|                               |                      |             Disabled |
+-------------------------------+----------------------+----------------------+
                                                                               
+-----------------------------------------------------------------------------+
| Processes:                                                                  |
|  GPU   GI   CI        PID   Type   Process name                  GPU Memory |
|        ID   ID                                                   Usage      |
|=============================================================================|
|  No running processes found                                                 |
+-----------------------------------------------------------------------------+
ERROR: Unable to locate a modulefile for 'cuda'
[Sun 28 Sep 2025 12:04:51 AM +07] Compiling infer.cu with nvcc...
[Sun 28 Sep 2025 12:04:52 AM +07] Running infer...
